../Core/Src/main.c:126:5:main	1
../Core/Src/main.c:223:6:SystemClock_Config	3
../Core/Src/main.c:270:13:MX_I2C2_Init	2
../Core/Src/main.c:304:13:MX_USART1_UART_Init	2
../Core/Src/main.c:337:13:MX_GPIO_Init	1
../Core/Src/main.c:403:6:ptemp	1
../Core/Src/main.c:424:6:clcd	1
../Core/Src/main.c:438:6:motion_int	1
../Core/Src/main.c:450:6:EGtask	1
../Core/Src/main.c:467:6:motionintcallback	1
../Core/Src/main.c:474:6:HAL_GPIO_EXTI_Callback	5
../Core/Src/main.c:492:6:logtask	1
../Core/Src/main.c:511:10:mpu_read	1
../Core/Src/main.c:517:6:Enable_Pulse	1
../Core/Src/main.c:524:6:LCD_SendInitNibble	1
../Core/Src/main.c:533:6:Send_Nibble	1
../Core/Src/main.c:542:6:Lcd_Sendbyte	1
../Core/Src/main.c:547:6:Lcd_Command	1
../Core/Src/main.c:555:6:Lcd_Data	1
../Core/Src/main.c:563:6:Lcd_Init	1
../Core/Src/main.c:588:6:Lcd_Clear	1
../Core/Src/main.c:592:6:Lcd_Home	1
../Core/Src/main.c:596:6:Lcd_Setcursor	2
../Core/Src/main.c:607:6:Lcd_Print	2
../Core/Src/main.c:615:6:MPU6050_Init	1
../Core/Src/main.c:635:6:StartDefaultTask	1
../Core/Src/main.c:654:6:HAL_TIM_PeriodElapsedCallback	2
../Core/Src/main.c:672:6:Error_Handler	1
